// Jest Snapshot v1, https://goo.gl/fbAQLP

exports[`should create elements 1`] = `
<div
  className="sc-bdVaJa bLWtbN"
  onClick={[Function]}
>
  <div
    className="sc-bwzfXH bpFyCA"
  >
    â–º
     
    test title
  </div>
</div>
`;
